Archive member included to satisfy reference by file (symbol)

C:/ST/STM32CubeIDE_1.12.0/STM32CubeIDE/plugins/com.st.stm32cube.ide.mcu.externaltools.gnu-tools-for-stm32.12.3.rel1.win32_1.1.0.202410251130/tools/bin/../lib/gcc/arm-none-eabi/12.3.1/../../../../arm-none-eabi/lib/thumb/v7e-m+fp/hard\libc_nano.a(libc_a-exit.o)
                              C:/ST/STM32CubeIDE_1.12.0/STM32CubeIDE/plugins/com.st.stm32cube.ide.mcu.externaltools.gnu-tools-for-stm32.12.3.rel1.win32_1.1.0.202410251130/tools/bin/../lib/gcc/arm-none-eabi/12.3.1/../../../../arm-none-eabi/lib/thumb/v7e-m+fp/hard/crt0.o (exit)
C:/ST/STM32CubeIDE_1.12.0/STM32CubeIDE/plugins/com.st.stm32cube.ide.mcu.externaltools.gnu-tools-for-stm32.12.3.rel1.win32_1.1.0.202410251130/tools/bin/../lib/gcc/arm-none-eabi/12.3.1/../../../../arm-none-eabi/lib/thumb/v7e-m+fp/hard\libc_nano.a(libc_a-itoa.o)
                              ./Src/calc.o (itoa)
C:/ST/STM32CubeIDE_1.12.0/STM32CubeIDE/plugins/com.st.stm32cube.ide.mcu.externaltools.gnu-tools-for-stm32.12.3.rel1.win32_1.1.0.202410251130/tools/bin/../lib/gcc/arm-none-eabi/12.3.1/../../../../arm-none-eabi/lib/thumb/v7e-m+fp/hard\libc_nano.a(libc_a-utoa.o)
                              C:/ST/STM32CubeIDE_1.12.0/STM32CubeIDE/plugins/com.st.stm32cube.ide.mcu.externaltools.gnu-tools-for-stm32.12.3.rel1.win32_1.1.0.202410251130/tools/bin/../lib/gcc/arm-none-eabi/12.3.1/../../../../arm-none-eabi/lib/thumb/v7e-m+fp/hard\libc_nano.a(libc_a-itoa.o) (__utoa)
C:/ST/STM32CubeIDE_1.12.0/STM32CubeIDE/plugins/com.st.stm32cube.ide.mcu.externaltools.gnu-tools-for-stm32.12.3.rel1.win32_1.1.0.202410251130/tools/bin/../lib/gcc/arm-none-eabi/12.3.1/../../../../arm-none-eabi/lib/thumb/v7e-m+fp/hard\libc_nano.a(libc_a-findfp.o)
                              C:/ST/STM32CubeIDE_1.12.0/STM32CubeIDE/plugins/com.st.stm32cube.ide.mcu.externaltools.gnu-tools-for-stm32.12.3.rel1.win32_1.1.0.202410251130/tools/bin/../lib/gcc/arm-none-eabi/12.3.1/../../../../arm-none-eabi/lib/thumb/v7e-m+fp/hard\libc_nano.a(libc_a-exit.o) (__stdio_exit_handler)
C:/ST/STM32CubeIDE_1.12.0/STM32CubeIDE/plugins/com.st.stm32cube.ide.mcu.externaltools.gnu-tools-for-stm32.12.3.rel1.win32_1.1.0.202410251130/tools/bin/../lib/gcc/arm-none-eabi/12.3.1/../../../../arm-none-eabi/lib/thumb/v7e-m+fp/hard\libc_nano.a(libc_a-fwalk.o)
                              C:/ST/STM32CubeIDE_1.12.0/STM32CubeIDE/plugins/com.st.stm32cube.ide.mcu.externaltools.gnu-tools-for-stm32.12.3.rel1.win32_1.1.0.202410251130/tools/bin/../lib/gcc/arm-none-eabi/12.3.1/../../../../arm-none-eabi/lib/thumb/v7e-m+fp/hard\libc_nano.a(libc_a-findfp.o) (_fwalk_sglue)
C:/ST/STM32CubeIDE_1.12.0/STM32CubeIDE/plugins/com.st.stm32cube.ide.mcu.externaltools.gnu-tools-for-stm32.12.3.rel1.win32_1.1.0.202410251130/tools/bin/../lib/gcc/arm-none-eabi/12.3.1/../../../../arm-none-eabi/lib/thumb/v7e-m+fp/hard\libc_nano.a(libc_a-stdio.o)
                              C:/ST/STM32CubeIDE_1.12.0/STM32CubeIDE/plugins/com.st.stm32cube.ide.mcu.externaltools.gnu-tools-for-stm32.12.3.rel1.win32_1.1.0.202410251130/tools/bin/../lib/gcc/arm-none-eabi/12.3.1/../../../../arm-none-eabi/lib/thumb/v7e-m+fp/hard\libc_nano.a(libc_a-findfp.o) (__sread)
C:/ST/STM32CubeIDE_1.12.0/STM32CubeIDE/plugins/com.st.stm32cube.ide.mcu.externaltools.gnu-tools-for-stm32.12.3.rel1.win32_1.1.0.202410251130/tools/bin/../lib/gcc/arm-none-eabi/12.3.1/../../../../arm-none-eabi/lib/thumb/v7e-m+fp/hard\libc_nano.a(libc_a-memset.o)
                              C:/ST/STM32CubeIDE_1.12.0/STM32CubeIDE/plugins/com.st.stm32cube.ide.mcu.externaltools.gnu-tools-for-stm32.12.3.rel1.win32_1.1.0.202410251130/tools/bin/../lib/gcc/arm-none-eabi/12.3.1/../../../../arm-none-eabi/lib/thumb/v7e-m+fp/hard/crt0.o (memset)
C:/ST/STM32CubeIDE_1.12.0/STM32CubeIDE/plugins/com.st.stm32cube.ide.mcu.externaltools.gnu-tools-for-stm32.12.3.rel1.win32_1.1.0.202410251130/tools/bin/../lib/gcc/arm-none-eabi/12.3.1/../../../../arm-none-eabi/lib/thumb/v7e-m+fp/hard\libc_nano.a(libc_a-closer.o)
                              C:/ST/STM32CubeIDE_1.12.0/STM32CubeIDE/plugins/com.st.stm32cube.ide.mcu.externaltools.gnu-tools-for-stm32.12.3.rel1.win32_1.1.0.202410251130/tools/bin/../lib/gcc/arm-none-eabi/12.3.1/../../../../arm-none-eabi/lib/thumb/v7e-m+fp/hard\libc_nano.a(libc_a-stdio.o) (_close_r)
C:/ST/STM32CubeIDE_1.12.0/STM32CubeIDE/plugins/com.st.stm32cube.ide.mcu.externaltools.gnu-tools-for-stm32.12.3.rel1.win32_1.1.0.202410251130/tools/bin/../lib/gcc/arm-none-eabi/12.3.1/../../../../arm-none-eabi/lib/thumb/v7e-m+fp/hard\libc_nano.a(libc_a-reent.o)
                              C:/ST/STM32CubeIDE_1.12.0/STM32CubeIDE/plugins/com.st.stm32cube.ide.mcu.externaltools.gnu-tools-for-stm32.12.3.rel1.win32_1.1.0.202410251130/tools/bin/../lib/gcc/arm-none-eabi/12.3.1/../../../../arm-none-eabi/lib/thumb/v7e-m+fp/hard\libc_nano.a(libc_a-closer.o) (errno)
[...]
Memory Configuration

Name             Origin             Length             Attributes
RAM              0x20000000         0x00020000         xrw
CCMRAM           0x10000000         0x00010000         rw
FLASH            0x08000000         0x00100000         xr
*default*        0x00000000         0xffffffff

Linker script and memory map

LOAD C:/ST/STM32CubeIDE_1.12.0/STM32CubeIDE/plugins/com.st.stm32cube.ide.mcu.externaltools.gnu-tools-for-stm32.12.3.rel1.win32_1.1.0.202410251130/tools/bin/../lib/gcc/arm-none-eabi/12.3.1/thumb/v7e-m+fp/hard/crti.o
LOAD C:/ST/STM32CubeIDE_1.12.0/STM32CubeIDE/plugins/com.st.stm32cube.ide.mcu.externaltools.gnu-tools-for-stm32.12.3.rel1.win32_1.1.0.202410251130/tools/bin/../lib/gcc/arm-none-eabi/12.3.1/thumb/v7e-m+fp/hard/crtbegin.o
LOAD C:/ST/STM32CubeIDE_1.12.0/STM32CubeIDE/plugins/com.st.stm32cube.ide.mcu.externaltools.gnu-tools-for-stm32.12.3.rel1.win32_1.1.0.202410251130/tools/bin/../lib/gcc/arm-none-eabi/12.3.1/../../../../arm-none-eabi/lib/thumb/v7e-m+fp/hard/crt0.o
LOAD ./Drivers/STM32F4xx_HAL_Driver/Src/stm32f4xx_hal.o
LOAD ./Drivers/STM32F4xx_HAL_Driver/Src/stm32f4xx_hal_cortex.o
LOAD ./Drivers/STM32F4xx_HAL_Driver/Src/stm32f4xx_hal_dma.o
LOAD ./Drivers/STM32F4xx_HAL_Driver/Src/stm32f4xx_hal_dma_ex.o
LOAD ./Drivers/STM32F4xx_HAL_Driver/Src/stm32f4xx_hal_exti.o
LOAD ./Drivers/STM32F4xx_HAL_Driver/Src/stm32f4xx_hal_flash.o
LOAD ./Drivers/STM32F4xx_HAL_Driver/Src/stm32f4xx_hal_flash_ex.o
LOAD ./Drivers/STM32F4xx_HAL_Driver/Src/stm32f4xx_hal_flash_ramfunc.o
LOAD ./Drivers/STM32F4xx_HAL_Driver/Src/stm32f4xx_hal_gpio.o
LOAD ./Drivers/STM32F4xx_HAL_Driver/Src/stm32f4xx_hal_i2c.o
LOAD ./Drivers/STM32F4xx_HAL_Driver/Src/stm32f4xx_hal_i2c_ex.o
LOAD ./Drivers/STM32F4xx_HAL_Driver/Src/stm32f4xx_hal_pwr.o
LOAD ./Drivers/STM32F4xx_HAL_Driver/Src/stm32f4xx_hal_pwr_ex.o
LOAD ./Drivers/STM32F4xx_HAL_Driver/Src/stm32f4xx_hal_rcc.o
LOAD ./Drivers/STM32F4xx_HAL_Driver/Src/stm32f4xx_hal_rcc_ex.o
LOAD ./Drivers/STM32F4xx_HAL_Driver/Src/stm32f4xx_hal_rtc.o
LOAD ./Drivers/STM32F4xx_HAL_Driver/Src/stm32f4xx_hal_rtc_ex.o
LOAD ./Drivers/STM32F4xx_HAL_Driver/Src/stm32f4xx_hal_tim.o
LOAD ./Drivers/STM32F4xx_HAL_Driver/Src/stm32f4xx_hal_tim_ex.o
LOAD ./Drivers/STM32F4xx_HAL_Driver/Src/stm32f4xx_hal_uart.o
LOAD ./Src/calc.o
LOAD ./Src/calckb.o
LOAD ./Src/fonts.o
LOAD ./Src/gpio.o
LOAD ./Src/i2c.o
LOAD ./Src/kb.o
LOAD ./Src/main.o
LOAD ./Src/oled.o
LOAD ./Src/pca9538.o
LOAD ./Src/sdk_uart.o
LOAD ./Src/stm32f4xx_hal_msp.o
LOAD ./Src/stm32f4xx_it.o
LOAD ./Src/syscalls.o
LOAD ./Src/system_stm32f4xx.o
LOAD ./Src/usart.o
LOAD ./startup/startup_stm32f407xx.o
START GROUP
LOAD C:/ST/STM32CubeIDE_1.12.0/STM32CubeIDE/plugins/com.st.stm32cube.ide.mcu.externaltools.gnu-tools-for-stm32.12.3.rel1.win32_1.1.0.202410251130/tools/bin/../lib/gcc/arm-none-eabi/12.3.1/../../../../arm-none-eabi/lib/thumb/v7e-m+fp/hard\libc_nano.a
LOAD C:/ST/STM32CubeIDE_1.12.0/STM32CubeIDE/plugins/com.st.stm32cube.ide.mcu.externaltools.gnu-tools-for-stm32.12.3.rel1.win32_1.1.0.202410251130/tools/bin/../lib/gcc/arm-none-eabi/12.3.1/../../../../arm-none-eabi/lib/thumb/v7e-m+fp/hard\libm.a
END GROUP
START GROUP
LOAD C:/ST/STM32CubeIDE_1.12.0/STM32CubeIDE/plugins/com.st.stm32cube.ide.mcu.externaltools.gnu-tools-for-stm32.12.3.rel1.win32_1.1.0.202410251130/tools/bin/../lib/gcc/arm-none-eabi/12.3.1/thumb/v7e-m+fp/hard\libgcc.a
LOAD C:/ST/STM32CubeIDE_1.12.0/STM32CubeIDE/plugins/com.st.stm32cube.ide.mcu.externaltools.gnu-tools-for-stm32.12.3.rel1.win32_1.1.0.202410251130/tools/bin/../lib/gcc/arm-none-eabi/12.3.1/../../../../arm-none-eabi/lib/thumb/v7e-m+fp/hard\libc_nano.a
END GROUP
START GROUP
LOAD C:/ST/STM32CubeIDE_1.12.0/STM32CubeIDE/plugins/com.st.stm32cube.ide.mcu.externaltools.gnu-tools-for-stm32.12.3.rel1.win32_1.1.0.202410251130/tools/bin/../lib/gcc/arm-none-eabi/12.3.1/thumb/v7e-m+fp/hard\libgcc.a
LOAD C:/ST/STM32CubeIDE_1.12.0/STM32CubeIDE/plugins/com.st.stm32cube.ide.mcu.externaltools.gnu-tools-for-stm32.12.3.rel1.win32_1.1.0.202410251130/tools/bin/../lib/gcc/arm-none-eabi/12.3.1/../../../../arm-none-eabi/lib/thumb/v7e-m+fp/hard\libc_nano.a
LOAD C:/ST/STM32CubeIDE_1.12.0/STM32CubeIDE/plugins/com.st.stm32cube.ide.mcu.externaltools.gnu-tools-for-stm32.12.3.rel1.win32_1.1.0.202410251130/tools/bin/../lib/gcc/arm-none-eabi/12.3.1/../../../../arm-none-eabi/lib/thumb/v7e-m+fp/hard\libnosys.a
END GROUP
START GROUP
LOAD C:/ST/STM32CubeIDE_1.12.0/STM32CubeIDE/plugins/com.st.stm32cube.ide.mcu.externaltools.gnu-tools-for-stm32.12.3.rel1.win32_1.1.0.202410251130/tools/bin/../lib/gcc/arm-none-eabi/12.3.1/thumb/v7e-m+fp/hard\libgcc.a
LOAD C:/ST/STM32CubeIDE_1.12.0/STM32CubeIDE/plugins/com.st.stm32cube.ide.mcu.externaltools.gnu-tools-for-stm32.12.3.rel1.win32_1.1.0.202410251130/tools/bin/../lib/gcc/arm-none-eabi/12.3.1/../../../../arm-none-eabi/lib/thumb/v7e-m+fp/hard\libc_nano.a
LOAD C:/ST/STM32CubeIDE_1.12.0/STM32CubeIDE/plugins/com.st.stm32cube.ide.mcu.externaltools.gnu-tools-for-stm32.12.3.rel1.win32_1.1.0.202410251130/tools/bin/../lib/gcc/arm-none-eabi/12.3.1/../../../../arm-none-eabi/lib/thumb/v7e-m+fp/hard\libnosys.a
END GROUP
LOAD C:/ST/STM32CubeIDE_1.12.0/STM32CubeIDE/plugins/com.st.stm32cube.ide.mcu.externaltools.gnu-tools-for-stm32.12.3.rel1.win32_1.1.0.202410251130/tools/bin/../lib/gcc/arm-none-eabi/12.3.1/thumb/v7e-m+fp/hard/crtend.o
LOAD C:/ST/STM32CubeIDE_1.12.0/STM32CubeIDE/plugins/com.st.stm32cube.ide.mcu.externaltools.gnu-tools-for-stm32.12.3.rel1.win32_1.1.0.202410251130/tools/bin/../lib/gcc/arm-none-eabi/12.3.1/thumb/v7e-m+fp/hard/crtn.o
                0x20020000                        _estack = 0x20020000
                0x00000200                        _Min_Heap_Size = 0x200
                0x00000400                        _Min_Stack_Size = 0x400

.isr_vector     0x08000000      0x188
                0x08000000                        . = ALIGN (0x4)
 *(.isr_vector)
 .isr_vector    0x08000000      0x188 ./startup/startup_stm32f407xx.o
                0x08000000                g_pfnVectors
                0x08000188                        . = ALIGN (0x4)

.text           0x08000188     0x2908
                0x08000188                        . = ALIGN (0x4)
 *(.text)
 .text          0x08000188       0x40 C:/ST/STM32CubeIDE_1.12.0/STM32CubeIDE/plugins/com.st.stm32cube.ide.mcu.externaltools.gnu-tools-for-stm32.12.3.rel1.win32_1.1.0.202410251130/tools/bin/../lib/gcc/arm-none-eabi/12.3.1/thumb/v7e-m+fp/hard/crtbegin.o
 .text          0x080001c8       0x10 C:/ST/STM32CubeIDE_1.12.0/STM32CubeIDE/plugins/com.st.stm32cube.ide.mcu.externaltools.gnu-tools-for-stm32.12.3.rel1.win32_1.1.0.202410251130/tools/bin/../lib/gcc/arm-none-eabi/12.3.1/../../../../arm-none-eabi/lib/thumb/v7e-m+fp/hard\libc_nano.a(libc_a-strlen.o)
                0x080001c8                strlen
 .text          0x080001d8       0x30 C:/ST/STM32CubeIDE_1.12.0/STM32CubeIDE/plugins/com.st.stm32cube.ide.mcu.externaltools.gnu-tools-for-stm32.12.3.rel1.win32_1.1.0.202410251130/tools/bin/../lib/gcc/arm-none-eabi/12.3.1/thumb/v7e-m+fp/hard\libgcc.a(_aeabi_uldivmod.o)
                0x080001d8                __aeabi_uldivmod
 .text          0x08000208      0x2bc C:/ST/STM32CubeIDE_1.12.0/STM32CubeIDE/plugins/com.st.stm32cube.ide.mcu.externaltools.gnu-tools-for-stm32.12.3.rel1.win32_1.1.0.202410251130/tools/bin/../lib/gcc/arm-none-eabi/12.3.1/thumb/v7e-m+fp/hard\libgcc.a(_udivmoddi4.o)
                0x08000208                __udivmoddi4
 .text          0x080004c4        0x4 C:/ST/STM32CubeIDE_1.12.0/STM32CubeIDE/plugins/com.st.stm32cube.ide.mcu.externaltools.gnu-tools-for-stm32.12.3.rel1.win32_1.1.0.202410251130/tools/bin/../lib/gcc/arm-none-eabi/12.3.1/thumb/v7e-m+fp/hard\libgcc.a(_dvmd_tls.o)
                0x080004c4                __aeabi_idiv0
                0x080004c4                __aeabi_ldiv0
 *(.text*)
 .text.HAL_InitTick
                0x080004c8       0x48 ./Drivers/STM32F4xx_HAL_Driver/Src/stm32f4xx_hal.o
                0x080004c8                HAL_InitTick
 .text.HAL_Init
                0x08000510       0x34 ./Drivers/STM32F4xx_HAL_Driver/Src/stm32f4xx_hal.o
                0x08000510                HAL_Init
 .text.HAL_IncTick
                0x08000544       0x18 ./Drivers/STM32F4xx_HAL_Driver/Src/stm32f4xx_hal.o
                0x08000544                HAL_IncTick
 .text.HAL_GetTick
                0x0800055c        0xc ./Drivers/STM32F4xx_HAL_Driver/Src/stm32f4xx_hal.o
                0x0800055c                HAL_GetTick
 .text.HAL_Delay
                0x08000568       0x28 ./Drivers/STM32F4xx_HAL_Driver/Src/stm32f4xx_hal.o
                0x08000568                HAL_Delay
 .text.__NVIC_SetPriority
                0x08000590       0x28 ./Drivers/STM32F4xx_HAL_Driver/Src/stm32f4xx_hal_cortex.o
 .text.NVIC_EncodePriority
                0x080005b8       0x3e ./Drivers/STM32F4xx_HAL_Driver/Src/stm32f4xx_hal_cortex.o
 *fill*         0x080005f6        0x2 
 .text.HAL_NVIC_SetPriorityGrouping
                0x080005f8       0x24 ./Drivers/STM32F4xx_HAL_Driver/Src/stm32f4xx_hal_cortex.o
                0x080005f8                HAL_NVIC_SetPriorityGrouping
 .text.HAL_NVIC_SetPriority
                0x0800061c       0x20 ./Drivers/STM32F4xx_HAL_Driver/Src/stm32f4xx_hal_cortex.o
                0x0800061c                HAL_NVIC_SetPriority
 .text.HAL_SYSTICK_Config
                0x0800063c       0x28 ./Drivers/STM32F4xx_HAL_Driver/Src/stm32f4xx_hal_cortex.o
                0x0800063c                HAL_SYSTICK_Config
 .text.HAL_GPIO_Init
                0x08000664      0x1ec ./Drivers/STM32F4xx_HAL_Driver/Src/stm32f4xx_hal_gpio.o
                0x08000664                HAL_GPIO_Init
 .text.HAL_GPIO_WritePin
                0x08000850        0xc ./Drivers/STM32F4xx_HAL_Driver/Src/stm32f4xx_hal_gpio.o
                0x08000850                HAL_GPIO_WritePin
 .text.I2C_IsAcknowledgeFailed
                0x0800085c       0x32 ./Drivers/STM32F4xx_HAL_Driver/Src/stm32f4xx_hal_i2c.o
 .text.I2C_WaitOnFlagUntilTimeout
                0x0800088e       0x7c ./Drivers/STM32F4xx_HAL_Driver/Src/stm32f4xx_hal_i2c.o
 .text.I2C_WaitOnMasterAddressFlagUntilTimeout
                0x0800090a       0xaa ./Drivers/STM32F4xx_HAL_Driver/Src/stm32f4xx_hal_i2c.o
 .text.I2C_WaitOnTXEFlagUntilTimeout
                0x080009b4       0x54 ./Drivers/STM32F4xx_HAL_Driver/Src/stm32f4xx_hal_i2c.o
 .text.I2C_RequestMemoryWrite
                0x08000a08       0xd8 ./Drivers/STM32F4xx_HAL_Driver/Src/stm32f4xx_hal_i2c.o
 .text.I2C_RequestMemoryRead
                0x08000ae0      0x154 ./Drivers/STM32F4xx_HAL_Driver/Src/stm32f4xx_hal_i2c.o
 .text.I2C_WaitOnBTFFlagUntilTimeout
                0x08000c34       0x54 ./Drivers/STM32F4xx_HAL_Driver/Src/stm32f4xx_hal_i2c.o
 .text.I2C_WaitOnRXNEFlagUntilTimeout
                0x08000c88       0x6a ./Drivers/STM32F4xx_HAL_Driver/Src/stm32f4xx_hal_i2c.o
 *fill*         0x08000cf2        0x2 
 .text.HAL_I2C_Init
                0x08000cf4      0x1bc ./Drivers/STM32F4xx_HAL_Driver/Src/stm32f4xx_hal_i2c.o
                0x08000cf4                HAL_I2C_Init
 .text.HAL_I2C_Mem_Write
                0x08000eb0      0x164 ./Drivers/STM32F4xx_HAL_Driver/Src/stm32f4xx_hal_i2c.o
                0x08000eb0                HAL_I2C_Mem_Write
 .text.HAL_I2C_Mem_Read
                0x08001014      0x2e4 ./Drivers/STM32F4xx_HAL_Driver/Src/stm32f4xx_hal_i2c.o
                0x08001014                HAL_I2C_Mem_Read
 .text.HAL_RCC_OscConfig
                0x080012f8      0x3f8 ./Drivers/STM32F4xx_HAL_Driver/Src/stm32f4xx_hal_rcc.o
                0x080012f8                HAL_RCC_OscConfig
 .text.HAL_RCC_GetSysClockFreq
                0x080016f0       0xa8 ./Drivers/STM32F4xx_HAL_Driver/Src/stm32f4xx_hal_rcc.o
                0x080016f0                HAL_RCC_GetSysClockFreq
 .text.HAL_RCC_ClockConfig
                0x08001798      0x160 ./Drivers/STM32F4xx_HAL_Driver/Src/stm32f4xx_hal_rcc.o
                0x08001798                HAL_RCC_ClockConfig
 .text.HAL_RCC_GetHCLKFreq
                0x080018f8        0xc ./Drivers/STM32F4xx_HAL_Driver/Src/stm32f4xx_hal_rcc.o
                0x080018f8                HAL_RCC_GetHCLKFreq
 .text.HAL_RCC_GetPCLK1Freq
                0x08001904       0x20 ./Drivers/STM32F4xx_HAL_Driver/Src/stm32f4xx_hal_rcc.o
                0x08001904                HAL_RCC_GetPCLK1Freq
 .text.HAL_RCC_GetPCLK2Freq
                0x08001924       0x20 ./Drivers/STM32F4xx_HAL_Driver/Src/stm32f4xx_hal_rcc.o
                0x08001924                HAL_RCC_GetPCLK2Freq
 .text.UART_SetConfig
                0x08001944      0x110 ./Drivers/STM32F4xx_HAL_Driver/Src/stm32f4xx_hal_uart.o
 .text.UART_WaitOnFlagUntilTimeout
                0x08001a54       0x84 ./Drivers/STM32F4xx_HAL_Driver/Src/stm32f4xx_hal_uart.o
 .text.HAL_UART_Init
                0x08001ad8       0x5e ./Drivers/STM32F4xx_HAL_Driver/Src/stm32f4xx_hal_uart.o
                0x08001ad8                HAL_UART_Init
 .text.HAL_UART_Transmit
                0x08001b36       0xd8 ./Drivers/STM32F4xx_HAL_Driver/Src/stm32f4xx_hal_uart.o
                0x08001b36                HAL_UART_Transmit
 *fill*         0x08001c0e        0x2 
 .text.calcReset
                0x08001c10       0x18 ./Src/calc.o
                0x08001c10                calcReset
 .text.printCalc
                0x08001c28       0x88 ./Src/calc.o
                0x08001c28                printCalc
 .text.printRes
                0x08001cb0       0x50 ./Src/calc.o
                0x08001cb0                printRes
 .text.getLayout
                0x08001d00        0xc ./Src/calc.o
                0x08001d00                getLayout
 .text.pErr     0x08001d0c       0x30 ./Src/calc.o
                0x08001d0c                pErr
 .text.operation
                0x08001d3c       0x58 ./Src/calc.o
                0x08001d3c                operation
 .text.keyPressed
                0x08001d94       0xd0 ./Src/calc.o
                0x08001d94                keyPressed
 .text.introSlides
                0x08001e64      0x190 ./Src/calc.o
                0x08001e64                introSlides
 .text.getKey   0x08001ff4       0x90 ./Src/calckb.o
                0x08001ff4                getKey
 .text.MX_GPIO_Init
                0x08002084       0xa8 ./Src/gpio.o
                0x08002084                MX_GPIO_Init
 .text.MX_I2C1_Init
                0x0800212c       0x3c ./Src/i2c.o
                0x0800212c                MX_I2C1_Init
 .text.HAL_I2C_MspInit
                0x08002168       0x74 ./Src/i2c.o
                0x08002168                HAL_I2C_MspInit
 .text.Set_Keyboard
                0x080021dc       0x50 ./Src/kb.o
                0x080021dc                Set_Keyboard
 .text.Check_Row
                0x0800222c       0xb4 ./Src/kb.o
                0x0800222c                Check_Row
 .text.SystemClock_Config
                0x080022e0       0x98 ./Src/main.o
                0x080022e0                SystemClock_Config
 .text.main     0x08002378       0xa8 ./Src/main.o
                0x08002378                main
 .text.Error_Handler
                0x08002420        0x2 ./Src/main.o
                0x08002420                Error_Handler
 *fill*         0x08002422        0x2 
 .text.oled_WriteCommand
                0x08002424       0x2c ./Src/oled.o
 .text.oled_Fill
                0x08002450       0x20 ./Src/oled.o
                0x08002450                oled_Fill
 .text.oled_UpdateScreen
                0x08002470       0x50 ./Src/oled.o
                0x08002470                oled_UpdateScreen
 .text.oled_Init
                0x080024c0       0xd8 ./Src/oled.o
                0x080024c0                oled_Init
 .text.oled_DrawPixel
                0x08002598       0x5c ./Src/oled.o
                0x08002598                oled_DrawPixel
 .text.oled_WriteChar
                0x080025f4       0xdc ./Src/oled.o
                0x080025f4                oled_WriteChar
 .text.oled_WriteString
                0x080026d0       0x2e ./Src/oled.o
                0x080026d0                oled_WriteString
 *fill*         0x080026fe        0x2 
 .text.oled_SetCursor
                0x08002700       0x20 ./Src/oled.o
                0x08002700                oled_SetCursor
 .text.oled_NextLine
                0x08002720       0x40 ./Src/oled.o
                0x08002720                oled_NextLine
 .text.PCA9538_Read_Register
                0x08002760       0x24 ./Src/pca9538.o
                0x08002760                PCA9538_Read_Register
 .text.PCA9538_Write_Register
                0x08002784       0x28 ./Src/pca9538.o
                0x08002784                PCA9538_Write_Register
 .text.PCA9538_Read_Inputs
                0x080027ac        0xc ./Src/pca9538.o
                0x080027ac                PCA9538_Read_Inputs
 .text.UART_Transmit
                0x080027b8       0x1c ./Src/sdk_uart.o
                0x080027b8                UART_Transmit
 .text.HAL_MspInit
                0x080027d4       0x38 ./Src/stm32f4xx_hal_msp.o
                0x080027d4                HAL_MspInit
 .text.NMI_Handler
                0x0800280c        0x2 ./Src/stm32f4xx_it.o
                0x0800280c                NMI_Handler
 .text.HardFault_Handler
                0x0800280e        0x2 ./Src/stm32f4xx_it.o
                0x0800280e                HardFault_Handler
 .text.MemManage_Handler
                0x08002810        0x2 ./Src/stm32f4xx_it.o
                0x08002810                MemManage_Handler
 .text.BusFault_Handler
                0x08002812        0x2 ./Src/stm32f4xx_it.o
                0x08002812                BusFault_Handler
 .text.UsageFault_Handler
                0x08002814        0x2 ./Src/stm32f4xx_it.o
                0x08002814                UsageFault_Handler
 .text.SVC_Handler
                0x08002816        0x2 ./Src/stm32f4xx_it.o
                0x08002816                SVC_Handler
 .text.DebugMon_Handler
                0x08002818        0x2 ./Src/stm32f4xx_it.o
                0x08002818                DebugMon_Handler
 .text.PendSV_Handler
                0x0800281a        0x2 ./Src/stm32f4xx_it.o
                0x0800281a                PendSV_Handler
 .text.SysTick_Handler
                0x0800281c        0x8 ./Src/stm32f4xx_it.o
                0x0800281c                SysTick_Handler
 .text.SystemInit
                0x08002824       0x4c ./Src/system_stm32f4xx.o
                0x08002824                SystemInit
 .text.MX_USART6_UART_Init
                0x08002870       0x34 ./Src/usart.o
                0x08002870                MX_USART6_UART_Init
 .text.HAL_UART_MspInit
                0x080028a4       0x70 ./Src/usart.o
                0x080028a4                HAL_UART_MspInit
 .text.Reset_Handler
                0x08002914       0x50 ./startup/startup_stm32f407xx.o
                0x08002914                Reset_Handler
 .text.Default_Handler
                0x08002964        0x2 ./startup/startup_stm32f407xx.o
                0x08002964                RTC_Alarm_IRQHandler
                0x08002964                HASH_RNG_IRQHandler
                0x08002964                EXTI2_IRQHandler
                0x08002964                TIM8_CC_IRQHandler
                0x08002964                TIM1_CC_IRQHandler
                0x08002964                DMA2_Stream5_IRQHandler
                0x08002964                DMA1_Stream5_IRQHandler
                0x08002964                PVD_IRQHandler
                0x08002964                SDIO_IRQHandler
                0x08002964                TAMP_STAMP_IRQHandler
                0x08002964                CAN2_RX1_IRQHandler
                0x08002964                EXTI3_IRQHandler
                0x08002964                TIM8_TRG_COM_TIM14_IRQHandler
                0x08002964                TIM1_UP_TIM10_IRQHandler
                0x08002964                TIM8_UP_TIM13_IRQHandler
                0x08002964                I2C3_ER_IRQHandler
                0x08002964                EXTI0_IRQHandler
                0x08002964                I2C2_EV_IRQHandler
                0x08002964                DMA1_Stream2_IRQHandler
                0x08002964                CAN1_RX0_IRQHandler
                0x08002964                FPU_IRQHandler
                0x08002964                OTG_HS_WKUP_IRQHandler
                0x08002964                CAN2_SCE_IRQHandler
                0x08002964                DMA2_Stream2_IRQHandler
                0x08002964                SPI1_IRQHandler
                0x08002964                TIM6_DAC_IRQHandler
                0x08002964                TIM1_BRK_TIM9_IRQHandler
                0x08002964                DCMI_IRQHandler
                0x08002964                CAN2_RX0_IRQHandler
                0x08002964                DMA2_Stream3_IRQHandler
                0x08002964                USART6_IRQHandler
                0x08002964                USART3_IRQHandler
                0x08002964                CAN1_RX1_IRQHandler
                0x08002964                UART5_IRQHandler
                0x08002964                DMA2_Stream0_IRQHandler
                0x08002964                TIM4_IRQHandler
                0x08002964                I2C1_EV_IRQHandler
                0x08002964                DMA1_Stream6_IRQHandler
                0x08002964                DMA1_Stream1_IRQHandler
                0x08002964                UART4_IRQHandler
                0x08002964                TIM3_IRQHandler
                0x08002964                RCC_IRQHandler
                0x08002964                TIM8_BRK_TIM12_IRQHandler
                0x08002964                Default_Handler
                0x08002964                EXTI15_10_IRQHandler
                0x08002964                ADC_IRQHandler
                0x08002964                DMA1_Stream7_IRQHandler
                0x08002964                TIM7_IRQHandler
                0x08002964                CAN2_TX_IRQHandler
                0x08002964                TIM5_IRQHandler
                0x08002964                DMA2_Stream7_IRQHandler
                0x08002964                I2C3_EV_IRQHandler
                0x08002964                EXTI9_5_IRQHandler
                0x08002964                RTC_WKUP_IRQHandler
                0x08002964                ETH_WKUP_IRQHandler
                0x08002964                SPI2_IRQHandler
                0x08002964                OTG_HS_EP1_IN_IRQHandler
                0x08002964                DMA1_Stream0_IRQHandler
                0x08002964                CAN1_TX_IRQHandler
                0x08002964                EXTI4_IRQHandler
                0x08002964                FSMC_IRQHandler
                0x08002964                ETH_IRQHandler
                0x08002964                OTG_HS_EP1_OUT_IRQHandler
                0x08002964                WWDG_IRQHandler
                0x08002964                TIM2_IRQHandler
                0x08002964                OTG_FS_WKUP_IRQHandler
                0x08002964                TIM1_TRG_COM_TIM11_IRQHandler
                0x08002964                OTG_HS_IRQHandler
                0x08002964                EXTI1_IRQHandler
                0x08002964                USART2_IRQHandler
                0x08002964                I2C2_ER_IRQHandler
                0x08002964                DMA2_Stream1_IRQHandler
                0x08002964                CAN1_SCE_IRQHandler
                0x08002964                FLASH_IRQHandler
                0x08002964                DMA2_Stream4_IRQHandler
                0x08002964                USART1_IRQHandler
                0x08002964                OTG_FS_IRQHandler
                0x08002964                SPI3_IRQHandler
                0x08002964                DMA1_Stream4_IRQHandler
                0x08002964                I2C1_ER_IRQHandler
                0x08002964                DMA2_Stream6_IRQHandler
                0x08002964                DMA1_Stream3_IRQHandler
 .text.__itoa   0x08002966       0x30 C:/ST/STM32CubeIDE_1.12.0/STM32CubeIDE/plugins/com.st.stm32cube.ide.mcu.externaltools.gnu-tools-for-stm32.12.3.rel1.win32_1.1.0.202410251130/tools/bin/../lib/gcc/arm-none-eabi/12.3.1/../../../../arm-none-eabi/lib/thumb/v7e-m+fp/hard\libc_nano.a(libc_a-itoa.o)
                0x08002966                __itoa
 .text.itoa     0x08002996        0x4 C:/ST/STM32CubeIDE_1.12.0/STM32CubeIDE/plugins/com.st.stm32cube.ide.mcu.externaltools.gnu-tools-for-stm32.12.3.rel1.win32_1.1.0.202410251130/tools/bin/../lib/gcc/arm-none-eabi/12.3.1/../../../../arm-none-eabi/lib/thumb/v7e-m+fp/hard\libc_nano.a(libc_a-itoa.o)
                0x08002996                itoa
 *fill*         0x0800299a        0x2 
 .text.__utoa   0x0800299c       0x84 C:/ST/STM32CubeIDE_1.12.0/STM32CubeIDE/plugins/com.st.stm32cube.ide.mcu.externaltools.gnu-tools-for-stm32.12.3.rel1.win32_1.1.0.202410251130/tools/bin/../lib/gcc/arm-none-eabi/12.3.1/../../../../arm-none-eabi/lib/thumb/v7e-m+fp/hard\libc_nano.a(libc_a-utoa.o)
                0x0800299c                __utoa
 .text.memset   0x08002a20       0x10 C:/ST/STM32CubeIDE_1.12.0/STM32CubeIDE/plugins/com.st.stm32cube.ide.mcu.externaltools.gnu-tools-for-stm32.12.3.rel1.win32_1.1.0.202410251130/tools/bin/../lib/gcc/arm-none-eabi/12.3.1/../../../../arm-none-eabi/lib/thumb/v7e-m+fp/hard\libc_nano.a(libc_a-memset.o)
                0x08002a20                memset
 .text.__libc_init_array
                0x08002a30       0x48 C:/ST/STM32CubeIDE_1.12.0/STM32CubeIDE/plugins/com.st.stm32cube.ide.mcu.externaltools.gnu-tools-for-stm32.12.3.rel1.win32_1.1.0.202410251130/tools/bin/../lib/gcc/arm-none-eabi/12.3.1/../../../../arm-none-eabi/lib/thumb/v7e-m+fp/hard\libc_nano.a(libc_a-init.o)
                0x08002a30                __libc_init_array
 *(.glue_7)
 .glue_7        0x08002a78        0x0 linker stubs
 *(.glue_7t)
 .glue_7t       0x08002a78        0x0 linker stubs
 *(.eh_frame)
 .eh_frame      0x08002a78        0x0 C:/ST/STM32CubeIDE_1.12.0/STM32CubeIDE/plugins/com.st.stm32cube.ide.mcu.externaltools.gnu-tools-for-stm32.12.3.rel1.win32_1.1.0.202410251130/tools/bin/../lib/gcc/arm-none-eabi/12.3.1/thumb/v7e-m+fp/hard/crtbegin.o
 *(.init)
 .init          0x08002a78        0x4 C:/ST/STM32CubeIDE_1.12.0/STM32CubeIDE/plugins/com.st.stm32cube.ide.mcu.externaltools.gnu-tools-for-stm32.12.3.rel1.win32_1.1.0.202410251130/tools/bin/../lib/gcc/arm-none-eabi/12.3.1/thumb/v7e-m+fp/hard/crti.o
                0x08002a78                _init
 .init          0x08002a7c        0x8 C:/ST/STM32CubeIDE_1.12.0/STM32CubeIDE/plugins/com.st.stm32cube.ide.mcu.externaltools.gnu-tools-for-stm32.12.3.rel1.win32_1.1.0.202410251130/tools/bin/../lib/gcc/arm-none-eabi/12.3.1/thumb/v7e-m+fp/hard/crtn.o
 *(.fini)
 .fini          0x08002a84        0x4 C:/ST/STM32CubeIDE_1.12.0/STM32CubeIDE/plugins/com.st.stm32cube.ide.mcu.externaltools.gnu-tools-for-stm32.12.3.rel1.win32_1.1.0.202410251130/tools/bin/../lib/gcc/arm-none-eabi/12.3.1/thumb/v7e-m+fp/hard/crti.o
                0x08002a84                _fini
 .fini          0x08002a88        0x8 C:/ST/STM32CubeIDE_1.12.0/STM32CubeIDE/plugins/com.st.stm32cube.ide.mcu.externaltools.gnu-tools-for-stm32.12.3.rel1.win32_1.1.0.202410251130/tools/bin/../lib/gcc/arm-none-eabi/12.3.1/thumb/v7e-m+fp/hard/crtn.o
                0x08002a90                        . = ALIGN (0x4)
                0x08002a90                        _etext = .

.vfp11_veneer   0x08002a90        0x0
 .vfp11_veneer  0x08002a90        0x0 linker stubs

.v4_bx          0x08002a90        0x0
 .v4_bx         0x08002a90        0x0 linker stubs

.iplt           0x08002a90        0x0
 .iplt          0x08002a90        0x0 C:/ST/STM32CubeIDE_1.12.0/STM32CubeIDE/plugins/com.st.stm32cube.ide.mcu.externaltools.gnu-tools-for-stm32.12.3.rel1.win32_1.1.0.202410251130/tools/bin/../lib/gcc/arm-none-eabi/12.3.1/thumb/v7e-m+fp/hard/crtbegin.o

.rodata         0x08002a90     0x2a3c
                0x08002a90                        . = ALIGN (0x4)
 *(.rodata)
 .rodata        0x08002a90     0x2814 ./Src/fonts.o
 .rodata        0x080052a4       0x18 ./Src/system_stm32f4xx.o
                0x080052a4                AHBPrescTable
                0x080052b4                APBPrescTable
 *(.rodata*)
 .rodata.str1.4
                0x080052bc       0xd1 ./Src/calc.o
 *fill*         0x0800538d        0x3 
 .rodata.str1.4
                0x08005390       0x60 ./Src/kb.o
 .rodata.str1.4
                0x080053f0       0xb5 ./Src/main.o
 .rodata.__utoa.str1.1
                0x080054a5       0x25 C:/ST/STM32CubeIDE_1.12.0/STM32CubeIDE/plugins/com.st.stm32cube.ide.mcu.externaltools.gnu-tools-for-stm32.12.3.rel1.win32_1.1.0.202410251130/tools/bin/../lib/gcc/arm-none-eabi/12.3.1/../../../../arm-none-eabi/lib/thumb/v7e-m+fp/hard\libc_nano.a(libc_a-utoa.o)
                0x080054cc                        . = ALIGN (0x4)
 *fill*         0x080054ca        0x2 

.ARM.extab
 *(.ARM.extab* .gnu.linkonce.armextab.*)

.ARM            0x080054cc        0x8
                0x080054cc                        __exidx_start = .
 *(.ARM.exidx*)
 .ARM.exidx     0x080054cc        0x8 C:/ST/STM32CubeIDE_1.12.0/STM32CubeIDE/plugins/com.st.stm32cube.ide.mcu.externaltools.gnu-tools-for-stm32.12.3.rel1.win32_1.1.0.202410251130/tools/bin/../lib/gcc/arm-none-eabi/12.3.1/../../../../arm-none-eabi/lib/thumb/v7e-m+fp/hard\libc_nano.a(libc_a-strlen.o)
 .ARM.exidx     0x080054d4        0x0 C:/ST/STM32CubeIDE_1.12.0/STM32CubeIDE/plugins/com.st.stm32cube.ide.mcu.externaltools.gnu-tools-for-stm32.12.3.rel1.win32_1.1.0.202410251130/tools/bin/../lib/gcc/arm-none-eabi/12.3.1/thumb/v7e-m+fp/hard\libgcc.a(_udivmoddi4.o)
                                  0x8 (size before relaxing)
                0x080054d4                        __exidx_end = .

.rel.dyn        0x080054d4        0x0
 .rel.iplt      0x080054d4        0x0 C:/ST/STM32CubeIDE_1.12.0/STM32CubeIDE/plugins/com.st.stm32cube.ide.mcu.externaltools.gnu-tools-for-stm32.12.3.rel1.win32_1.1.0.202410251130/tools/bin/../lib/gcc/arm-none-eabi/12.3.1/thumb/v7e-m+fp/hard/crtbegin.o

.preinit_array  0x080054d4        0x0
                0x080054d4                        PROVIDE (__preinit_array_start = .)
 *(.preinit_array*)
                0x080054d4                        PROVIDE (__preinit_array_end = .)

.init_array     0x080054d4        0x4
                0x080054d4                        PROVIDE (__init_array_start = .)
 *(SORT_BY_NAME(.init_array.*))
 *(.init_array*)
 .init_array    0x080054d4        0x4 C:/ST/STM32CubeIDE_1.12.0/STM32CubeIDE/plugins/com.st.stm32cube.ide.mcu.externaltools.gnu-tools-for-stm32.12.3.rel1.win32_1.1.0.202410251130/tools/bin/../lib/gcc/arm-none-eabi/12.3.1/thumb/v7e-m+fp/hard/crtbegin.o
                0x080054d8                        PROVIDE (__init_array_end = .)

.fini_array     0x080054d8        0x4
                [!provide]                        PROVIDE (__fini_array_start = .)
 *(SORT_BY_NAME(.fini_array.*))
 *(.fini_array*)
 .fini_array    0x080054d8        0x4 C:/ST/STM32CubeIDE_1.12.0/STM32CubeIDE/plugins/com.st.stm32cube.ide.mcu.externaltools.gnu-tools-for-stm32.12.3.rel1.win32_1.1.0.202410251130/tools/bin/../lib/gcc/arm-none-eabi/12.3.1/thumb/v7e-m+fp/hard/crtbegin.o
                [!provide]                        PROVIDE (__fini_array_end = .)
                0x080054dc                        _sidata = LOADADDR (.data)

.data           0x20000000       0x4c load address 0x080054dc
                0x20000000                        . = ALIGN (0x4)
                0x20000000                        _sdata = .
 *(.data)
 .data          0x20000000        0x8 ./Drivers/STM32F4xx_HAL_Driver/Src/stm32f4xx_hal.o
                0x20000000                uwTickFreq
                0x20000004                uwTickPrio
 .data          0x20000008       0x10 ./Src/calc.o
 .data          0x20000018       0x18 ./Src/calckb.o
                0x20000018                layoutNum
                0x20000024                layoutSym
 .data          0x20000030       0x18 ./Src/fonts.o
                0x20000030                Font_16x26
                0x20000038                Font_11x18
                0x20000040                Font_7x10
 .data          0x20000048        0x4 ./Src/system_stm32f4xx.o
                0x20000048                SystemCoreClock
 *(.data*)
                0x2000004c                        . = ALIGN (0x4)
                0x2000004c                        _edata = .
                0x08005528                        _siccmram = LOADADDR (.ccmram)

.igot.plt       0x2000004c        0x0 load address 0x08005528
 .igot.plt      0x2000004c        0x0 C:/ST/STM32CubeIDE_1.12.0/STM32CubeIDE/plugins/com.st.stm32cube.ide.mcu.externaltools.gnu-tools-for-stm32.12.3.rel1.win32_1.1.0.202410251130/tools/bin/../lib/gcc/arm-none-eabi/12.3.1/thumb/v7e-m+fp/hard/crtbegin.o

.ccmram         0x10000000        0x0 load address 0x08005528
                0x10000000                        . = ALIGN (0x4)
                0x10000000                        _sccmram = .
 *(.ccmram)
 *(.ccmram*)
                0x10000000                        . = ALIGN (0x4)
                0x10000000                        _eccmram = .
                0x10000000                        . = ALIGN (0x4)

.bss            0x20000050      0x4d4
                0x20000050                        _sbss = .
                0x20000050                        __bss_start__ = _sbss
 *(.bss)
 .bss           0x20000050       0x1c C:/ST/STM32CubeIDE_1.12.0/STM32CubeIDE/plugins/com.st.stm32cube.ide.mcu.externaltools.gnu-tools-for-stm32.12.3.rel1.win32_1.1.0.202410251130/tools/bin/../lib/gcc/arm-none-eabi/12.3.1/thumb/v7e-m+fp/hard/crtbegin.o
 .bss           0x2000006c        0x4 ./Drivers/STM32F4xx_HAL_Driver/Src/stm32f4xx_hal.o
                0x2000006c                uwTick
 .bss           0x20000070       0x54 ./Src/i2c.o
                0x20000070                hi2c1
 *fill*         0x200000c4        0x4 
 .bss           0x200000c8      0x418 ./Src/oled.o
 .bss           0x200004e0       0x44 ./Src/usart.o
                0x200004e0                huart6
 *(.bss*)
 *(COMMON)
                0x20000524                        . = ALIGN (0x4)
                0x20000524                        _ebss = .
                0x20000524                        __bss_end__ = _ebss

._user_heap_stack
                0x20000524      0x604
                0x20000528                        . = ALIGN (0x8)
 *fill*         0x20000524        0x4 
                0x20000528                        PROVIDE (end = .)
                [!provide]                        PROVIDE (_end = .)
                0x20000728                        . = (. + _Min_Heap_Size)
 *fill*         0x20000528      0x200 
                0x20000b28                        . = (. + _Min_Stack_Size)
 *fill*         0x20000728      0x400 
                0x20000b28                        . = ALIGN (0x8)

/DISCARD/
 libc.a(*)
 libm.a(*)
 libgcc.a(*)

.ARM.attributes
                0x00000000       0x30
 *(.ARM.attributes)
 .ARM.attributes
                0x00000000       0x22 C:/ST/STM32CubeIDE_1.12.0/STM32CubeIDE/plugins/com.st.stm32cube.ide.mcu.externaltools.gnu-tools-for-stm32.12.3.rel1.win32_1.1.0.202410251130/tools/bin/../lib/gcc/arm-none-eabi/12.3.1/thumb/v7e-m+fp/hard/crti.o
 .ARM.attributes
                0x00000022       0x34 C:/ST/STM32CubeIDE_1.12.0/STM32CubeIDE/plugins/com.st.stm32cube.ide.mcu.externaltools.gnu-tools-for-stm32.12.3.rel1.win32_1.1.0.202410251130/tools/bin/../lib/gcc/arm-none-eabi/12.3.1/thumb/v7e-m+fp/hard/crtbegin.o
 .ARM.attributes
                0x00000056       0x34 ./Drivers/STM32F4xx_HAL_Driver/Src/stm32f4xx_hal.o
 .ARM.attributes
                0x0000008a       0x34 ./Drivers/STM32F4xx_HAL_Driver/Src/stm32f4xx_hal_cortex.o
 .ARM.attributes
                0x000000be       0x34 ./Drivers/STM32F4xx_HAL_Driver/Src/stm32f4xx_hal_gpio.o
 .ARM.attributes
                0x000000f2       0x34 ./Drivers/STM32F4xx_HAL_Driver/Src/stm32f4xx_hal_i2c.o
 .ARM.attributes
                0x00000126       0x34 ./Drivers/STM32F4xx_HAL_Driver/Src/stm32f4xx_hal_rcc.o
 .ARM.attributes
                0x0000015a       0x34 ./Drivers/STM32F4xx_HAL_Driver/Src/stm32f4xx_hal_uart.o
 .ARM.attributes
                0x0000018e       0x34 ./Src/calc.o
 .ARM.attributes
                0x000001c2       0x34 ./Src/calckb.o
 .ARM.attributes
                0x000001f6       0x34 ./Src/fonts.o
 .ARM.attributes
                0x0000022a       0x34 ./Src/gpio.o
 .ARM.attributes
                0x0000025e       0x34 ./Src/i2c.o
 .ARM.attributes
                0x00000292       0x34 ./Src/kb.o
 .ARM.attributes
                0x000002c6       0x34 ./Src/main.o
 .ARM.attributes
                0x000002fa       0x34 ./Src/oled.o
 .ARM.attributes
                0x0000032e       0x34 ./Src/pca9538.o
 .ARM.attributes
                0x00000362       0x34 ./Src/sdk_uart.o
 .ARM.attributes
                0x00000396       0x34 ./Src/stm32f4xx_hal_msp.o
 .ARM.attributes
                0x000003ca       0x34 ./Src/stm32f4xx_it.o
 .ARM.attributes
                0x000003fe       0x34 ./Src/system_stm32f4xx.o
 .ARM.attributes
                0x00000432       0x34 ./Src/usart.o
 .ARM.attributes
                0x00000466       0x21 ./startup/startup_stm32f407xx.o
 .ARM.attributes
                0x00000487       0x34 C:/ST/STM32CubeIDE_1.12.0/STM32CubeIDE/plugins/com.st.stm32cube.ide.mcu.externaltools.gnu-tools-for-stm32.12.3.rel1.win32_1.1.0.202410251130/tools/bin/../lib/gcc/arm-none-eabi/12.3.1/../../../../arm-none-eabi/lib/thumb/v7e-m+fp/hard\libc_nano.a(libc_a-itoa.o)
 .ARM.attributes
                0x000004bb       0x34 C:/ST/STM32CubeIDE_1.12.0/STM32CubeIDE/plugins/com.st.stm32cube.ide.mcu.externaltools.gnu-tools-for-stm32.12.3.rel1.win32_1.1.0.202410251130/tools/bin/../lib/gcc/arm-none-eabi/12.3.1/../../../../arm-none-eabi/lib/thumb/v7e-m+fp/hard\libc_nano.a(libc_a-utoa.o)
 .ARM.attributes
                0x000004ef       0x34 C:/ST/STM32CubeIDE_1.12.0/STM32CubeIDE/plugins/com.st.stm32cube.ide.mcu.externaltools.gnu-tools-for-stm32.12.3.rel1.win32_1.1.0.202410251130/tools/bin/../lib/gcc/arm-none-eabi/12.3.1/../../../../arm-none-eabi/lib/thumb/v7e-m+fp/hard\libc_nano.a(libc_a-memset.o)
 .ARM.attributes
                0x00000523       0x34 C:/ST/STM32CubeIDE_1.12.0/STM32CubeIDE/plugins/com.st.stm32cube.ide.mcu.externaltools.gnu-tools-for-stm32.12.3.rel1.win32_1.1.0.202410251130/tools/bin/../lib/gcc/arm-none-eabi/12.3.1/../../../../arm-none-eabi/lib/thumb/v7e-m+fp/hard\libc_nano.a(libc_a-init.o)
 .ARM.attributes
                0x00000557       0x17 C:/ST/STM32CubeIDE_1.12.0/STM32CubeIDE/plugins/com.st.stm32cube.ide.mcu.externaltools.gnu-tools-for-stm32.12.3.rel1.win32_1.1.0.202410251130/tools/bin/../lib/gcc/arm-none-eabi/12.3.1/../../../../arm-none-eabi/lib/thumb/v7e-m+fp/hard\libc_nano.a(libc_a-strlen.o)
 .ARM.attributes
                0x0000056e       0x22 C:/ST/STM32CubeIDE_1.12.0/STM32CubeIDE/plugins/com.st.stm32cube.ide.mcu.externaltools.gnu-tools-for-stm32.12.3.rel1.win32_1.1.0.202410251130/tools/bin/../lib/gcc/arm-none-eabi/12.3.1/thumb/v7e-m+fp/hard\libgcc.a(_aeabi_uldivmod.o)
 .ARM.attributes
                0x00000590       0x34 C:/ST/STM32CubeIDE_1.12.0/STM32CubeIDE/plugins/com.st.stm32cube.ide.mcu.externaltools.gnu-tools-for-stm32.12.3.rel1.win32_1.1.0.202410251130/tools/bin/../lib/gcc/arm-none-eabi/12.3.1/thumb/v7e-m+fp/hard\libgcc.a(_udivmoddi4.o)
 .ARM.attributes
                0x000005c4       0x22 C:/ST/STM32CubeIDE_1.12.0/STM32CubeIDE/plugins/com.st.stm32cube.ide.mcu.externaltools.gnu-tools-for-stm32.12.3.rel1.win32_1.1.0.202410251130/tools/bin/../lib/gcc/arm-none-eabi/12.3.1/thumb/v7e-m+fp/hard\libgcc.a(_dvmd_tls.o)
 .ARM.attributes
                0x000005e6       0x22 C:/ST/STM32CubeIDE_1.12.0/STM32CubeIDE/plugins/com.st.stm32cube.ide.mcu.externaltools.gnu-tools-for-stm32.12.3.rel1.win32_1.1.0.202410251130/tools/bin/../lib/gcc/arm-none-eabi/12.3.1/thumb/v7e-m+fp/hard/crtn.o
OUTPUT(embedded-systems-lab-2.elf elf32-littlearm)
LOAD linker stubs
LOAD C:/ST/STM32CubeIDE_1.12.0/STM32CubeIDE/plugins/com.st.stm32cube.ide.mcu.externaltools.gnu-tools-for-stm32.12.3.rel1.win32_1.1.0.202410251130/tools/bin/../lib/gcc/arm-none-eabi/12.3.1/../../../../arm-none-eabi/lib/thumb/v7e-m+fp/hard\libc.a
LOAD C:/ST/STM32CubeIDE_1.12.0/STM32CubeIDE/plugins/com.st.stm32cube.ide.mcu.externaltools.gnu-tools-for-stm32.12.3.rel1.win32_1.1.0.202410251130/tools/bin/../lib/gcc/arm-none-eabi/12.3.1/../../../../arm-none-eabi/lib/thumb/v7e-m+fp/hard\libm.a
LOAD C:/ST/STM32CubeIDE_1.12.0/STM32CubeIDE/plugins/com.st.stm32cube.ide.mcu.externaltools.gnu-tools-for-stm32.12.3.rel1.win32_1.1.0.202410251130/tools/bin/../lib/gcc/arm-none-eabi/12.3.1/thumb/v7e-m+fp/hard\libgcc.a

.debug_info     0x00000000     0xfb2d
 .debug_info    0x00000000      0x9ea ./Drivers/STM32F4xx_HAL_Driver/Src/stm32f4xx_hal.o
 .debug_info    0x000009ea      0xf81 ./Drivers/STM32F4xx_HAL_Driver/Src/stm32f4xx_hal_cortex.o
 .debug_info    0x0000196b      0x708 ./Drivers/STM32F4xx_HAL_Driver/Src/stm32f4xx_hal_gpio.o
 .debug_info    0x00002073     0x3772 ./Drivers/STM32F4xx_HAL_Driver/Src/stm32f4xx_hal_i2c.o
 .debug_info    0x000057e5      0xa73 ./Drivers/STM32F4xx_HAL_Driver/Src/stm32f4xx_hal_rcc.o
 .debug_info    0x00006258     0x4090 ./Drivers/STM32F4xx_HAL_Driver/Src/stm32f4xx_hal_uart.o
 .debug_info    0x0000a2e8      0x85e ./Src/calc.o
 .debug_info    0x0000ab46      0x185 ./Src/calckb.o
 .debug_info    0x0000accb      0x1a1 ./Src/fonts.o
 .debug_info    0x0000ae6c      0x460 ./Src/gpio.o
 .debug_info    0x0000b2cc      0x9e2 ./Src/i2c.o
 .debug_info    0x0000bcae      0x2f8 ./Src/kb.o
 .debug_info    0x0000bfa6      0xac7 ./Src/main.o
 .debug_info    0x0000ca6d      0xeba ./Src/oled.o
 .debug_info    0x0000d927      0x929 ./Src/pca9538.o
 .debug_info    0x0000e250      0x6c9 ./Src/sdk_uart.o
 .debug_info    0x0000e919      0x269 ./Src/stm32f4xx_hal_msp.o
 .debug_info    0x0000eb82      0x120 ./Src/stm32f4xx_it.o
 .debug_info    0x0000eca2      0x52b ./Src/system_stm32f4xx.o
 .debug_info    0x0000f1cd      0x960 ./Src/usart.o

.debug_abbrev   0x00000000     0x25f6
 .debug_abbrev  0x00000000      0x241 ./Drivers/STM32F4xx_HAL_Driver/Src/stm32f4xx_hal.o
 .debug_abbrev  0x00000241      0x39d ./Drivers/STM32F4xx_HAL_Driver/Src/stm32f4xx_hal_cortex.o
 .debug_abbrev  0x000005de      0x204 ./Drivers/STM32F4xx_HAL_Driver/Src/stm32f4xx_hal_gpio.o
 .debug_abbrev  0x000007e2      0x2c5 ./Drivers/STM32F4xx_HAL_Driver/Src/stm32f4xx_hal_i2c.o
 .debug_abbrev  0x00000aa7      0x2c8 ./Drivers/STM32F4xx_HAL_Driver/Src/stm32f4xx_hal_rcc.o
 .debug_abbrev  0x00000d6f      0x331 ./Drivers/STM32F4xx_HAL_Driver/Src/stm32f4xx_hal_uart.o
 .debug_abbrev  0x000010a0      0x195 ./Src/calc.o
 .debug_abbrev  0x00001235      0x103 ./Src/calckb.o
 .debug_abbrev  0x00001338       0xb3 ./Src/fonts.o
 .debug_abbrev  0x000013eb      0x166 ./Src/gpio.o
 .debug_abbrev  0x00001551      0x211 ./Src/i2c.o
 .debug_abbrev  0x00001762      0x157 ./Src/kb.o
 .debug_abbrev  0x000018b9      0x285 ./Src/main.o
 .debug_abbrev  0x00001b3e      0x249 ./Src/oled.o
 .debug_abbrev  0x00001d87      0x209 ./Src/pca9538.o
 .debug_abbrev  0x00001f90      0x1d7 ./Src/sdk_uart.o
 .debug_abbrev  0x00002167       0xd8 ./Src/stm32f4xx_hal_msp.o
 .debug_abbrev  0x0000223f       0x7e ./Src/stm32f4xx_it.o
 .debug_abbrev  0x000022bd      0x120 ./Src/system_stm32f4xx.o
 .debug_abbrev  0x000023dd      0x219 ./Src/usart.o

.debug_loclists
                0x00000000     0x6cd3
 .debug_loclists
                0x00000000       0xc9 ./Drivers/STM32F4xx_HAL_Driver/Src/stm32f4xx_hal.o
 .debug_loclists
                0x000000c9      0x439 ./Drivers/STM32F4xx_HAL_Driver/Src/stm32f4xx_hal_cortex.o
 .debug_loclists
                0x00000502      0x356 ./Drivers/STM32F4xx_HAL_Driver/Src/stm32f4xx_hal_gpio.o
 .debug_loclists
                0x00000858     0x2b71 ./Drivers/STM32F4xx_HAL_Driver/Src/stm32f4xx_hal_i2c.o
 .debug_loclists
                0x000033c9      0x3a9 ./Drivers/STM32F4xx_HAL_Driver/Src/stm32f4xx_hal_rcc.o
 .debug_loclists
                0x00003772     0x2bbd ./Drivers/STM32F4xx_HAL_Driver/Src/stm32f4xx_hal_uart.o
 .debug_loclists
                0x0000632f       0x8a ./Src/calc.o
 .debug_loclists
                0x000063b9       0x5f ./Src/calckb.o
 .debug_loclists
                0x00006418       0x4b ./Src/i2c.o
 .debug_loclists
                0x00006463       0xe8 ./Src/kb.o
 .debug_loclists
                0x0000654b      0x197 ./Src/main.o
 .debug_loclists
                0x000066e2      0x2a8 ./Src/oled.o
 .debug_loclists
                0x0000698a      0x19e ./Src/pca9538.o
 .debug_loclists
                0x00006b28       0x74 ./Src/sdk_uart.o
 .debug_loclists
                0x00006b9c       0xdb ./Src/system_stm32f4xx.o
 .debug_loclists
                0x00006c77       0x5c ./Src/usart.o

.debug_aranges  0x00000000      0xa60
 .debug_aranges
                0x00000000       0xf0 ./Drivers/STM32F4xx_HAL_Driver/Src/stm32f4xx_hal.o
 .debug_aranges
                0x000000f0       0xd8 ./Drivers/STM32F4xx_HAL_Driver/Src/stm32f4xx_hal_cortex.o
 .debug_aranges
                0x000001c8       0x58 ./Drivers/STM32F4xx_HAL_Driver/Src/stm32f4xx_hal_gpio.o
 .debug_aranges
                0x00000220      0x2a0 ./Drivers/STM32F4xx_HAL_Driver/Src/stm32f4xx_hal_i2c.o
 .debug_aranges
                0x000004c0       0x88 ./Drivers/STM32F4xx_HAL_Driver/Src/stm32f4xx_hal_rcc.o
 .debug_aranges
                0x00000548      0x200 ./Drivers/STM32F4xx_HAL_Driver/Src/stm32f4xx_hal_uart.o
 .debug_aranges
                0x00000748       0x68 ./Src/calc.o
 .debug_aranges
                0x000007b0       0x20 ./Src/calckb.o
 .debug_aranges
                0x000007d0       0x18 ./Src/fonts.o
 .debug_aranges
                0x000007e8       0x20 ./Src/gpio.o
 .debug_aranges
                0x00000808       0x30 ./Src/i2c.o
 .debug_aranges
                0x00000838       0x28 ./Src/kb.o
 .debug_aranges
                0x00000860       0x48 ./Src/main.o
 .debug_aranges
                0x000008a8       0x78 ./Src/oled.o
 .debug_aranges
                0x00000920       0x40 ./Src/pca9538.o
 .debug_aranges
                0x00000960       0x28 ./Src/sdk_uart.o
 .debug_aranges
                0x00000988       0x20 ./Src/stm32f4xx_hal_msp.o
 .debug_aranges
                0x000009a8       0x60 ./Src/stm32f4xx_it.o
 .debug_aranges
                0x00000a08       0x28 ./Src/system_stm32f4xx.o
 .debug_aranges
                0x00000a30       0x30 ./Src/usart.o

.debug_rnglists
                0x00000000      0x7ee
 .debug_rnglists
                0x00000000       0xaf ./Drivers/STM32F4xx_HAL_Driver/Src/stm32f4xx_hal.o
 .debug_rnglists
                0x000000af       0x9d ./Drivers/STM32F4xx_HAL_Driver/Src/stm32f4xx_hal_cortex.o
 .debug_rnglists
                0x0000014c       0x3f ./Drivers/STM32F4xx_HAL_Driver/Src/stm32f4xx_hal_gpio.o
 .debug_rnglists
                0x0000018b      0x22f ./Drivers/STM32F4xx_HAL_Driver/Src/stm32f4xx_hal_i2c.o
 .debug_rnglists
                0x000003ba       0x75 ./Drivers/STM32F4xx_HAL_Driver/Src/stm32f4xx_hal_rcc.o
 .debug_rnglists
                0x0000042f      0x19b ./Drivers/STM32F4xx_HAL_Driver/Src/stm32f4xx_hal_uart.o
 .debug_rnglists
                0x000005ca       0x4c ./Src/calc.o
 .debug_rnglists
                0x00000616       0x21 ./Src/calckb.o
 .debug_rnglists
                0x00000637       0x14 ./Src/gpio.o
 .debug_rnglists
                0x0000064b       0x1f ./Src/i2c.o
 .debug_rnglists
                0x0000066a       0x1a ./Src/kb.o
 .debug_rnglists
                0x00000684       0x40 ./Src/main.o
 .debug_rnglists
                0x000006c4       0x57 ./Src/oled.o
 .debug_rnglists
                0x0000071b       0x2b ./Src/pca9538.o
 .debug_rnglists
                0x00000746       0x19 ./Src/sdk_uart.o
 .debug_rnglists
                0x0000075f       0x13 ./Src/stm32f4xx_hal_msp.o
 .debug_rnglists
                0x00000772       0x43 ./Src/stm32f4xx_it.o
 .debug_rnglists
                0x000007b5       0x1a ./Src/system_stm32f4xx.o
 .debug_rnglists
                0x000007cf       0x1f ./Src/usart.o

.debug_macro    0x00000000    0x215d7
 .debug_macro   0x00000000      0x234 ./Drivers/STM32F4xx_HAL_Driver/Src/stm32f4xx_hal.o
 .debug_macro   0x00000234      0xaba ./Drivers/STM32F4xx_HAL_Driver/Src/stm32f4xx_hal.o
 .debug_macro   0x00000cee      0x29b ./Drivers/STM32F4xx_HAL_Driver/Src/stm32f4xx_hal.o
 .debug_macro   0x00000f89       0x2e ./Drivers/STM32F4xx_HAL_Driver/Src/stm32f4xx_hal.o
 .debug_macro   0x00000fb7       0x2f ./Drivers/STM32F4xx_HAL_Driver/Src/stm32f4xx_hal.o
 .debug_macro   0x00000fe6       0x22 ./Drivers/STM32F4xx_HAL_Driver/Src/stm32f4xx_hal.o
 .debug_macro   0x00001008       0x8e ./Drivers/STM32F4xx_HAL_Driver/Src/stm32f4xx_hal.o
 .debug_macro   0x00001096       0x51 ./Drivers/STM32F4xx_HAL_Driver/Src/stm32f4xx_hal.o
 .debug_macro   0x000010e7      0x103 ./Drivers/STM32F4xx_HAL_Driver/Src/stm32f4xx_hal.o
 .debug_macro   0x000011ea       0x6a ./Drivers/STM32F4xx_HAL_Driver/Src/stm32f4xx_hal.o
 .debug_macro   0x00001254      0x1df ./Drivers/STM32F4xx_HAL_Driver/Src/stm32f4xx_hal.o
 .debug_macro   0x00001433       0x1c ./Drivers/STM32F4xx_HAL_Driver/Src/stm32f4xx_hal.o
 .debug_macro   0x0000144f       0x22 ./Drivers/STM32F4xx_HAL_Driver/Src/stm32f4xx_hal.o
 .debug_macro   0x00001471       0xd9 ./Drivers/STM32F4xx_HAL_Driver/Src/stm32f4xx_hal.o
 .debug_macro   0x0000154a     0x102d ./Drivers/STM32F4xx_HAL_Driver/Src/stm32f4xx_hal.o
 .debug_macro   0x00002577      0x11f ./Drivers/STM32F4xx_HAL_Driver/Src/stm32f4xx_hal.o
 .debug_macro   0x00002696    0x15e82 ./Drivers/STM32F4xx_HAL_Driver/Src/stm32f4xx_hal.o
 .debug_macro   0x00018518       0x6d ./Drivers/STM32F4xx_HAL_Driver/Src/stm32f4xx_hal.o
 .debug_macro   0x00018585     0x367e ./Drivers/STM32F4xx_HAL_Driver/Src/stm32f4xx_hal.o
 .debug_macro   0x0001bc03      0x189 ./Drivers/STM32F4xx_HAL_Driver/Src/stm32f4xx_hal.o
 .debug_macro   0x0001bd8c       0x50 ./Drivers/STM32F4xx_HAL_Driver/Src/stm32f4xx_hal.o
 .debug_macro   0x0001bddc      0x96b ./Drivers/STM32F4xx_HAL_Driver/Src/stm32f4xx_hal.o
 .debug_macro   0x0001c747      0x9fe ./Drivers/STM32F4xx_HAL_Driver/Src/stm32f4xx_hal.o
 .debug_macro   0x0001d145      0x115 ./Drivers/STM32F4xx_HAL_Driver/Src/stm32f4xx_hal.o
 .debug_macro   0x0001d25a      0x13e ./Drivers/STM32F4xx_HAL_Driver/Src/stm32f4xx_hal.o
 .debug_macro   0x0001d398       0xa5 ./Drivers/STM32F4xx_HAL_Driver/Src/stm32f4xx_hal.o
 .debug_macro   0x0001d43d      0x174 ./Drivers/STM32F4xx_HAL_Driver/Src/stm32f4xx_hal.o
 .debug_macro   0x0001d5b1      0x287 ./Drivers/STM32F4xx_HAL_Driver/Src/stm32f4xx_hal.o
 .debug_macro   0x0001d838       0x5f ./Drivers/STM32F4xx_HAL_Driver/Src/stm32f4xx_hal.o
 .debug_macro   0x0001d897      0x236 ./Drivers/STM32F4xx_HAL_Driver/Src/stm32f4xx_hal.o
 .debug_macro   0x0001dacd      0x12c ./Drivers/STM32F4xx_HAL_Driver/Src/stm32f4xx_hal.o
 .debug_macro   0x0001dbf9      0x21e ./Drivers/STM32F4xx_HAL_Driver/Src/stm32f4xx_hal.o
 .debug_macro   0x0001de17       0x2e ./Drivers/STM32F4xx_HAL_Driver/Src/stm32f4xx_hal.o
 .debug_macro   0x0001de45      0x1b5 ./Drivers/STM32F4xx_HAL_Driver/Src/stm32f4xx_hal.o
 .debug_macro   0x0001dffa       0xd6 ./Drivers/STM32F4xx_HAL_Driver/Src/stm32f4xx_hal.o
 .debug_macro   0x0001e0d0      0x11a ./Drivers/STM32F4xx_HAL_Driver/Src/stm32f4xx_hal.o
 .debug_macro   0x0001e1ea       0x7e ./Drivers/STM32F4xx_HAL_Driver/Src/stm32f4xx_hal.o
 .debug_macro   0x0001e268       0x89 ./Drivers/STM32F4xx_HAL_Driver/Src/stm32f4xx_hal.o
 .debug_macro   0x0001e2f1      0x295 ./Drivers/STM32F4xx_HAL_Driver/Src/stm32f4xx_hal.o
 .debug_macro   0x0001e586      0x12d ./Drivers/STM32F4xx_HAL_Driver/Src/stm32f4xx_hal.o
 .debug_macro   0x0001e6b3      0x1d4 ./Drivers/STM32F4xx_HAL_Driver/Src/stm32f4xx_hal_cortex.o
 .debug_macro   0x0001e887      0x1da ./Drivers/STM32F4xx_HAL_Driver/Src/stm32f4xx_hal_gpio.o
 .debug_macro   0x0001ea61      0x21b ./Drivers/STM32F4xx_HAL_Driver/Src/stm32f4xx_hal_i2c.o
 .debug_macro   0x0001ec7c      0x1f8 ./Drivers/STM32F4xx_HAL_Driver/Src/stm32f4xx_hal_rcc.o
 .debug_macro   0x0001ee74      0x1d5 ./Drivers/STM32F4xx_HAL_Driver/Src/stm32f4xx_hal_uart.o
 .debug_macro   0x0001f049      0x2bd ./Src/calc.o
 .debug_macro   0x0001f306       0x22 ./Src/calc.o
 .debug_macro   0x0001f328       0x2a ./Src/calc.o
 .debug_macro   0x0001f352       0x61 ./Src/calc.o
 .debug_macro   0x0001f3b3       0x43 ./Src/calc.o
 .debug_macro   0x0001f3f6       0x34 ./Src/calc.o
 .debug_macro   0x0001f42a       0x16 ./Src/calc.o
 .debug_macro   0x0001f440       0x35 ./Src/calc.o
 .debug_macro   0x0001f475       0x16 ./Src/calc.o
 .debug_macro   0x0001f48b       0x43 ./Src/calc.o
 .debug_macro   0x0001f4ce       0x34 ./Src/calc.o
 .debug_macro   0x0001f502       0x10 ./Src/calc.o
 .debug_macro   0x0001f512       0x58 ./Src/calc.o
 .debug_macro   0x0001f56a       0x8e ./Src/calc.o
 .debug_macro   0x0001f5f8       0x1c ./Src/calc.o
 .debug_macro   0x0001f614      0x177 ./Src/calc.o
 .debug_macro   0x0001f78b      0x369 ./Src/calc.o
 .debug_macro   0x0001faf4       0x16 ./Src/calc.o
 .debug_macro   0x0001fb0a       0x29 ./Src/calc.o
 .debug_macro   0x0001fb33      0x1f1 ./Src/calckb.o
 .debug_macro   0x0001fd24       0x22 ./Src/calckb.o
 .debug_macro   0x0001fd46      0x1de ./Src/fonts.o
 .debug_macro   0x0001ff24      0x1e8 ./Src/gpio.o
 .debug_macro   0x0002010c      0x1e8 ./Src/i2c.o
 .debug_macro   0x000202f4      0x20e ./Src/kb.o
 .debug_macro   0x00020502       0x16 ./Src/kb.o
 .debug_macro   0x00020518      0x247 ./Src/main.o
 .debug_macro   0x0002075f      0x201 ./Src/oled.o
 .debug_macro   0x00020960      0x1ff ./Src/pca9538.o
 .debug_macro   0x00020b5f      0x2c0 ./Src/sdk_uart.o
 .debug_macro   0x00020e1f       0x10 ./Src/sdk_uart.o
 .debug_macro   0x00020e2f       0x20 ./Src/sdk_uart.o
 .debug_macro   0x00020e4f      0x1de ./Src/stm32f4xx_hal_msp.o
 .debug_macro   0x0002102d      0x1e8 ./Src/stm32f4xx_it.o
 .debug_macro   0x00021215      0x1da ./Src/system_stm32f4xx.o
 .debug_macro   0x000213ef      0x1e8 ./Src/usart.o

.debug_line     0x00000000    0x1503b
 .debug_line    0x00000000      0xaa5 ./Drivers/STM32F4xx_HAL_Driver/Src/stm32f4xx_hal.o
 .debug_line    0x00000aa5      0xd81 ./Drivers/STM32F4xx_HAL_Driver/Src/stm32f4xx_hal_cortex.o
 .debug_line    0x00001826      0xc4b ./Drivers/STM32F4xx_HAL_Driver/Src/stm32f4xx_hal_gpio.o
 .debug_line    0x00002471     0x58d2 ./Drivers/STM32F4xx_HAL_Driver/Src/stm32f4xx_hal_i2c.o
 .debug_line    0x00007d43     0x1036 ./Drivers/STM32F4xx_HAL_Driver/Src/stm32f4xx_hal_rcc.o
 .debug_line    0x00008d79     0x4b03 ./Drivers/STM32F4xx_HAL_Driver/Src/stm32f4xx_hal_uart.o
 .debug_line    0x0000d87c      0xb05 ./Src/calc.o
 .debug_line    0x0000e381      0x7f6 ./Src/calckb.o
 .debug_line    0x0000eb77      0x719 ./Src/fonts.o
 .debug_line    0x0000f290      0x780 ./Src/gpio.o
 .debug_line    0x0000fa10      0x829 ./Src/i2c.o
 .debug_line    0x00010239      0x851 ./Src/kb.o
 .debug_line    0x00010a8a      0xa37 ./Src/main.o
 .debug_line    0x000114c1      0xa7b ./Src/oled.o
 .debug_line    0x00011f3c      0x855 ./Src/pca9538.o
 .debug_line    0x00012791      0x8db ./Src/sdk_uart.o
 .debug_line    0x0001306c      0x748 ./Src/stm32f4xx_hal_msp.o
 .debug_line    0x000137b4      0x82a ./Src/stm32f4xx_it.o
 .debug_line    0x00013fde      0x83d ./Src/system_stm32f4xx.o
 .debug_line    0x0001481b      0x820 ./Src/usart.o

.debug_str      0x00000000    0xc441e
 .debug_str     0x00000000    0xbea74 ./Drivers/STM32F4xx_HAL_Driver/Src/stm32f4xx_hal.o
                              0xbedeb (size before relaxing)
 .debug_str     0x000bea74      0x3b2 ./Drivers/STM32F4xx_HAL_Driver/Src/stm32f4xx_hal_cortex.o
                              0xbeb1e (size before relaxing)
 .debug_str     0x000bee26      0x1df ./Drivers/STM32F4xx_HAL_Driver/Src/stm32f4xx_hal_gpio.o
                              0xbe3e2 (size before relaxing)
 .debug_str     0x000bf005      0xfbb ./Drivers/STM32F4xx_HAL_Driver/Src/stm32f4xx_hal_i2c.o
                              0xbf232 (size before relaxing)
 .debug_str     0x000bffc0      0x39c ./Drivers/STM32F4xx_HAL_Driver/Src/stm32f4xx_hal_rcc.o
                              0xbe6ac (size before relaxing)
 .debug_str     0x000c035c      0x7ee ./Drivers/STM32F4xx_HAL_Driver/Src/stm32f4xx_hal_uart.o
                              0xbec4b (size before relaxing)
 .debug_str     0x000c0b4a     0x3331 ./Src/calc.o
                              0xc13fb (size before relaxing)
 .debug_str     0x000c3e7b       0x76 ./Src/calckb.o
                              0xbe105 (size before relaxing)
 .debug_str     0x000c3ef1       0x42 ./Src/fonts.o
                              0xbe105 (size before relaxing)
 .debug_str     0x000c3f33       0x31 ./Src/gpio.o
                              0xbe27d (size before relaxing)
 .debug_str     0x000c3f64       0x3d ./Src/i2c.o
                              0xbe7ac (size before relaxing)
 .debug_str     0x000c3fa1       0xea ./Src/kb.o
                              0xbe214 (size before relaxing)
 .debug_str     0x000c408b       0x87 ./Src/main.o
                              0xbe5c9 (size before relaxing)
 .debug_str     0x000c4112       0xcd ./Src/oled.o
                              0xbe7a1 (size before relaxing)
 .debug_str     0x000c41df       0x5f ./Src/pca9538.o
                              0xbe6fd (size before relaxing)
 .debug_str     0x000c423e       0x99 ./Src/sdk_uart.o
                              0xc16e1 (size before relaxing)
 .debug_str     0x000c42d7       0x1b ./Src/stm32f4xx_hal_msp.o
                              0xbe1b2 (size before relaxing)
 .debug_str     0x000c42f2       0xb8 ./Src/stm32f4xx_it.o
                              0xbe138 (size before relaxing)
 .debug_str     0x000c43aa       0x5a ./Src/system_stm32f4xx.o
                              0xbe277 (size before relaxing)
 .debug_str     0x000c4404       0x1a ./Src/usart.o
                              0xbe712 (size before relaxing)

.comment        0x00000000       0x43
 .comment       0x00000000       0x43 ./Drivers/STM32F4xx_HAL_Driver/Src/stm32f4xx_hal.o
                                 0x44 (size before relaxing)
 .comment       0x00000043       0x44 ./Drivers/STM32F4xx_HAL_Driver/Src/stm32f4xx_hal_cortex.o
 .comment       0x00000043       0x44 ./Drivers/STM32F4xx_HAL_Driver/Src/stm32f4xx_hal_gpio.o
 .comment       0x00000043       0x44 ./Drivers/STM32F4xx_HAL_Driver/Src/stm32f4xx_hal_i2c.o
 .comment       0x00000043       0x44 ./Drivers/STM32F4xx_HAL_Driver/Src/stm32f4xx_hal_rcc.o
 .comment       0x00000043       0x44 ./Drivers/STM32F4xx_HAL_Driver/Src/stm32f4xx_hal_uart.o
 .comment       0x00000043       0x44 ./Src/calc.o
 .comment       0x00000043       0x44 ./Src/calckb.o
 .comment       0x00000043       0x44 ./Src/fonts.o
 .comment       0x00000043       0x44 ./Src/gpio.o
 .comment       0x00000043       0x44 ./Src/i2c.o
 .comment       0x00000043       0x44 ./Src/kb.o
 .comment       0x00000043       0x44 ./Src/main.o
 .comment       0x00000043       0x44 ./Src/oled.o
 .comment       0x00000043       0x44 ./Src/pca9538.o
 .comment       0x00000043       0x44 ./Src/sdk_uart.o
 .comment       0x00000043       0x44 ./Src/stm32f4xx_hal_msp.o
 .comment       0x00000043       0x44 ./Src/stm32f4xx_it.o
 .comment       0x00000043       0x44 ./Src/system_stm32f4xx.o
 .comment       0x00000043       0x44 ./Src/usart.o

.debug_frame    0x00000000     0x1ce0
 .debug_frame   0x00000000      0x1ec ./Drivers/STM32F4xx_HAL_Driver/Src/stm32f4xx_hal.o
 .debug_frame   0x000001ec      0x1cc ./Drivers/STM32F4xx_HAL_Driver/Src/stm32f4xx_hal_cortex.o
 .debug_frame   0x000003b8       0xd8 ./Drivers/STM32F4xx_HAL_Driver/Src/stm32f4xx_hal_gpio.o
 .debug_frame   0x00000490      0x970 ./Drivers/STM32F4xx_HAL_Driver/Src/stm32f4xx_hal_i2c.o
 .debug_frame   0x00000e00      0x16c ./Drivers/STM32F4xx_HAL_Driver/Src/stm32f4xx_hal_rcc.o
 .debug_frame   0x00000f6c      0x5c4 ./Drivers/STM32F4xx_HAL_Driver/Src/stm32f4xx_hal_uart.o
 .debug_frame   0x00001530       0xfc ./Src/calc.o
 .debug_frame   0x0000162c       0x30 ./Src/calckb.o
 .debug_frame   0x0000165c       0x30 ./Src/gpio.o
 .debug_frame   0x0000168c       0x64 ./Src/i2c.o
 .debug_frame   0x000016f0       0x54 ./Src/kb.o
 .debug_frame   0x00001744       0xb4 ./Src/main.o
 .debug_frame   0x000017f8      0x180 ./Src/oled.o
 .debug_frame   0x00001978       0x9c ./Src/pca9538.o
 .debug_frame   0x00001a14       0x40 ./Src/sdk_uart.o
 .debug_frame   0x00001a54       0x28 ./Src/stm32f4xx_hal_msp.o
 .debug_frame   0x00001a7c       0xa8 ./Src/stm32f4xx_it.o
 .debug_frame   0x00001b24       0x30 ./Src/system_stm32f4xx.o
 .debug_frame   0x00001b54       0x60 ./Src/usart.o
 .debug_frame   0x00001bb4       0x38 C:/ST/STM32CubeIDE_1.12.0/STM32CubeIDE/plugins/com.st.stm32cube.ide.mcu.externaltools.gnu-tools-for-stm32.12.3.rel1.win32_1.1.0.202410251130/tools/bin/../lib/gcc/arm-none-eabi/12.3.1/../../../../arm-none-eabi/lib/thumb/v7e-m+fp/hard\libc_nano.a(libc_a-itoa.o)
 .debug_frame   0x00001bec       0x48 C:/ST/STM32CubeIDE_1.12.0/STM32CubeIDE/plugins/com.st.stm32cube.ide.mcu.externaltools.gnu-tools-for-stm32.12.3.rel1.win32_1.1.0.202410251130/tools/bin/../lib/gcc/arm-none-eabi/12.3.1/../../../../arm-none-eabi/lib/thumb/v7e-m+fp/hard\libc_nano.a(libc_a-utoa.o)
 .debug_frame   0x00001c34       0x20 C:/ST/STM32CubeIDE_1.12.0/STM32CubeIDE/plugins/com.st.stm32cube.ide.mcu.externaltools.gnu-tools-for-stm32.12.3.rel1.win32_1.1.0.202410251130/tools/bin/../lib/gcc/arm-none-eabi/12.3.1/../../../../arm-none-eabi/lib/thumb/v7e-m+fp/hard\libc_nano.a(libc_a-memset.o)
 .debug_frame   0x00001c54       0x2c C:/ST/STM32CubeIDE_1.12.0/STM32CubeIDE/plugins/com.st.stm32cube.ide.mcu.externaltools.gnu-tools-for-stm32.12.3.rel1.win32_1.1.0.202410251130/tools/bin/../lib/gcc/arm-none-eabi/12.3.1/../../../../arm-none-eabi/lib/thumb/v7e-m+fp/hard\libc_nano.a(libc_a-init.o)
 .debug_frame   0x00001c80       0x2c C:/ST/STM32CubeIDE_1.12.0/STM32CubeIDE/plugins/com.st.stm32cube.ide.mcu.externaltools.gnu-tools-for-stm32.12.3.rel1.win32_1.1.0.202410251130/tools/bin/../lib/gcc/arm-none-eabi/12.3.1/thumb/v7e-m+fp/hard\libgcc.a(_aeabi_uldivmod.o)
 .debug_frame   0x00001cac       0x34 C:/ST/STM32CubeIDE_1.12.0/STM32CubeIDE/plugins/com.st.stm32cube.ide.mcu.externaltools.gnu-tools-for-stm32.12.3.rel1.win32_1.1.0.202410251130/tools/bin/../lib/gcc/arm-none-eabi/12.3.1/thumb/v7e-m+fp/hard\libgcc.a(_udivmoddi4.o)
